
ROM used:   47258/65536 (72%)
            47258/65536 (72%) including unused fragments

            5.4 Average locations per line
            36.9 Average locations per statement

RAM used:   1870/3615 (52%) at main() level
            1997/3615 (55%) worst case

Stack used: 8 worst case (6 in main + 2 for interrupts)
Stack size: 31

Lines Stmts  %   Files
----- ----- ---  -----
   67    19   1  main.c
   17     0   0  main.h
 2072     0   0  ..\..\..\..\..\..\Program Files (x86)\PICC\Devices\18F46Q10.h
   84     0   0  io.h
  405     0   0  parameters.h
   32     0   0  ..\..\..\..\..\..\Program Files (x86)\PICC\Drivers\stddef.h
 1354   359  28  ..\..\..\..\..\..\Program Files (x86)\PICC\Drivers\stdlib.h
  435   129  10  ..\..\..\..\..\..\Program Files (x86)\PICC\Drivers\string.h
   28     0   0  ..\..\..\..\..\..\Program Files (x86)\PICC\Drivers\ctype.h
  306   147  11  monitor.h
  329    66   5  ADS1220.h
 2228     0   0  ..\..\..\..\..\..\Program Files (x86)\PICC\Drivers\math.h
  164    95   7  control.h
   35     0   0  pid.h
   39     0   0  ..\..\..\..\..\..\Program Files (x86)\PICC\Drivers\stdbool.h
  161    64   5  serialport.h
  155    23   2  cmdBuffer.h
   59    23   2  eventTimer.h
  666   357  28  commandHandler.c
   96     0   0  commandHandler.h
----- -----
 8732  1282 Total

Page ROM  %  RAM    Vol Diff  Functions:
---- --- --- ---    --- ----  ----------
0     42   0    1             @delay_ms1
0     36   0    1             @delay_us1
0     68   0    0    432  3.5  IO_init
0    120   0    5    231  6.6  strcmp
0     74   0    9    266  6.5  memchr
0     56   0    5    129  4.6  strlen
0     86   0    6             @MULS1616
0    246   0   11             @MULFF
0     54   0    2             @ITOF
0    632   1   16             @ADDFF
0    350   0   14             @DIVFF
0    234   0   14             @DIVS3232
0    602   1   19   1549 12.4  strtof
0    852   1   52   2308 12.4  strtoul
0     14   0    0             @GOTOPTR
0     34   0    5             @MUL1616
0    102   0    9    216  5.5  ee_save_reg
0     82   0   11    216  5.5  ee_load_reg
0    228   0    0    522  2.4  params_save_to_ee
0    160   0    0    333  2.3  params_load_from_ee
0     64   0    0    149  3.9  params_init
0     30   0    0     86  1.3  ads_deselect_all
0     72   0    1    242  3.1  ads_select_ch
0     34   0    0             @goto58304
0     54   0    1    190  3.1  ads_select_block
0     32   0    0     86  1.3  ads_select_all
0     22   0    2     59  2.0  ads_write_command
0     24   0    2     59  2.0  ads_write_command_block
0     20   0    1     40  1.3  ads_write_command_all
0     24   0    2     59  2.0  ads_read_command
0     38   0    5    151  3.0  ads_write_reg
0     28   0    1     65  1.6  ads_start_conv_block
0     24   0    0     43  1.1  ads_start_conv_all
0     92   0    5    513  5.4  ads_read_data
0    106   0    6    481  2.7  ADS1220init
0    878   1   20   1121 10.1  CEIL_FLOOR
0    122   0   10             @FLT
0     60   0    4             @SFTOI
0     28   0    4     43  2.1  floor
0     30   0    4     44  1.9  ceil
0    358   0   16    259  6.9  fmod
0   1038   1   22   1071  8.0  exp
0     80   0    2             @SITOF
0    916   1   25    979 10.0  log
0    766   1   12    581  7.5  pow
0   1326   1   21   1082  6.9  atan
0    652   1   20   1100  9.0  atan2
0     34   0    0             @goto58869
0    102   0   12    147  4.5  push
0     44   0    3             @DIV88
0   1404   1    4   2174  6.4  internal_monitor_task
0     40   0    0             @goto59015
0   3498   4   27   2661 10.7  sensor_process_data
0     90   0    5             @SDTOF
0    194   0    4    313  4.2  sensor_monitor_interrupt_task
0   1372   1   46   2072 13.3  iqm_ring_buffer
0    432   0   12    727  6.5  sensor_monitor_task
0    372   0   10   1042  6.0  setup_external_ADCs
0    110   0    0    291  2.4  monitor_init
0   1410   1   25   1008  7.0  pid_update
0    134   0    7    219  4.4  pid_task
0    140   0    6    401  4.7  invert_voltage
0    722   1    7   1324  6.1  set_nanoDAC_outputs
0     54   0    5             @READBITA
0     42   0    6             @SPI_XFER_2_24
0    290   0    9    232  4.1  slew_to_upper_bound
0    290   0    9    244  4.6  slew_to_lower_bound
0   1048   1   23   1216  6.7  home_axis
0     66   0    6             @WRITEBITA
0     58   0    0    176  3.5  control_task
0     36   0    0    129  0.9  control_init
0    364   0    6    526  4.9  resetSERcmd
0     88   0    2    168  5.6  getNextSERReadIndex
0     18   0    0     68  1.3  setNextSERWriteIndex
0     30   0    0             @GETCH_BIU_1
0     58   0    2    129  2.1  serial_out
0     32   0    1             @SPRINTF
0     44   0    2             @PSTRINGR_128000_31862_31863
0     80   0    4    153  3.9  RX_isr
0     56   0    1    162  4.4  getchFromBuffer
0   1246   1    5   1743  7.9  serial_task
0     34   0    1    107  2.3  serial_init
0     52   0    0    121  2.2  event_timer_init
0    212   0    0    400  4.6  TIMER1_isr
0     68   0    3     83  2.5  getRev
0     10   0    0             @const1809
0     32   0    2             @PSTRINGC_1674
0     68   0    3     83  2.5  getSN
0      6   0    0             @const1812
0     10   0    1     37  1.7  saveParams
0    412   0    4    553  6.7  getOPchMap
0    192   0    6             @PRINTF_D_1674
0    420   0    5    634  6.9  setOPchMap
0    388   0    4    525  6.7  getIPchMode
0     12   0    0             @const1822
0     42   0    3             @PSTRINGCN_1674
0     12   0    0             @const1825
0    526   1   24    769  7.0  setIPchMode
0   1192   1   19   1340  7.3  getPIDvals
0     66   0    5             @FTOSD
0    148   0   13             @DIV3232
0    432   0   13             @PRINTF_L32D_1674FPFPF
0    714   1   11   1024  6.9  setPIDvals
0    186   0    4    215  5.2  enablePID
0    186   0    4    215  5.2  disablePID
0    346   0    8    346  6.1  getSetPoint
0    430   0    8    493  5.9  setSetPoint
0    942   1   10   1071  6.3  getAllSensorCalParams
0   1358   1   11   1630  7.4  getSensorCalParam
0    898   1   11   1398  6.9  setSensorCalParam
0   1320   1   50   2146  6.7  getMonitorCalParam
0      6   0    1     25  1.6  setMonitorCalParam
0   1648   2   56   2657  6.7  getMonitorValue
0   1718   2   53   2276  7.8  getPIDdata
0   1814   2   46   2541  7.9  getIPdata
0    286   0   12             @PRINTF_L32D_1674
0    346   0    8    346  6.1  getManOPvals
0    610   1    8    733  6.9  setManOPvals
0     12   0    1     44  1.9  setFilterOn
0     12   0    1     44  1.9  setFilterOff
0    228   0    4    278  5.8  setHomeAxis
0    364   0    8    346  6.1  getHome
0     12   0    0             @const1982
0    134   0    2             @PRINTF_U_1674
0    604   1   12    638  6.3  setHome
0     12   0    0             @const1988
0    840   1   13    716  6.8  getTelemetry
0     18   0    0             @const1990
0     14   0    0             @const1991
0     14   0    0             @const1992
0    200   0    9             @PRINTF_LU_1674
0     14   0    0             @const1995
0      6   0    1     25  1.6  invalidCmd
0    194   0    5    518  7.4  arg_is_float
0     80   0    2    165  4.4  is_valid_channel
0     58   0    2    189  4.9  hex_to_int
0    384   0   12    687  8.3  command_parser
0    290   0    7    307  4.0  command_handler_task
0     36   0    2             @PSTRINGR_1674
0   1242   1  107    492  4.0  MAIN
 Inline         0             @cinit1

Program metrics:
    Functions               96
    Statements              1282
    Comments                1537
    Volume (V)              114116
    Difficulty (D)          497.2
    Effort to implement (E) 56738291
    Time to implement (T)   875 hours, 35 minutes
    Est Delivered Bugs (B)  49
    Cyclomatic Complexity   241
    Maintainability (MI)    87

 Segment     Used  Free
-----------  ----  ----
00000-00004     6  0  
00006-00006     0  2  
00008-00168   354  0  
0016A-0FFFE  46898  18276  



